------------------------------------------------------------
Timing Analyzer Summary
------------------------------------------------------------

Type  : Slow 1100mV 85C Model Setup 'vga_pll|vga_pll_inst|altera_pll_i|general[0].gpll~PLL_OUTPUT_COUNTER|divclk'
Slack : -7.642
TNS   : -15285.815

Type  : Slow 1100mV 85C Model Setup 'clk'
Slack : 17.046
TNS   : 0.000

Type  : Slow 1100mV 85C Model Hold 'vga_pll|vga_pll_inst|altera_pll_i|general[0].gpll~PLL_OUTPUT_COUNTER|divclk'
Slack : -0.971
TNS   : -4.222

Type  : Slow 1100mV 85C Model Hold 'clk'
Slack : 0.336
TNS   : 0.000

Type  : Slow 1100mV 85C Model Recovery 'vga_pll|vga_pll_inst|altera_pll_i|general[0].gpll~PLL_OUTPUT_COUNTER|divclk'
Slack : -3.943
TNS   : -47.288

Type  : Slow 1100mV 85C Model Removal 'vga_pll|vga_pll_inst|altera_pll_i|general[0].gpll~PLL_OUTPUT_COUNTER|divclk'
Slack : 1.326
TNS   : 0.000

Type  : Slow 1100mV 85C Model Minimum Pulse Width 'vga_pll|vga_pll_inst|altera_pll_i|general[0].gpll~FRACTIONAL_PLL|vcoph[0]'
Slack : 1.538
TNS   : 0.000

Type  : Slow 1100mV 85C Model Minimum Pulse Width 'vga_pll|vga_pll_inst|altera_pll_i|general[0].gpll~PLL_OUTPUT_COUNTER|divclk'
Slack : 6.452
TNS   : 0.000

Type  : Slow 1100mV 85C Model Minimum Pulse Width 'clk'
Slack : 9.402
TNS   : 0.000

Type  : Slow 1100mV 0C Model Setup 'vga_pll|vga_pll_inst|altera_pll_i|general[0].gpll~PLL_OUTPUT_COUNTER|divclk'
Slack : -7.107
TNS   : -13860.668

Type  : Slow 1100mV 0C Model Setup 'clk'
Slack : 17.050
TNS   : 0.000

Type  : Slow 1100mV 0C Model Hold 'vga_pll|vga_pll_inst|altera_pll_i|general[0].gpll~PLL_OUTPUT_COUNTER|divclk'
Slack : -0.992
TNS   : -4.268

Type  : Slow 1100mV 0C Model Hold 'clk'
Slack : 0.316
TNS   : 0.000

Type  : Slow 1100mV 0C Model Recovery 'vga_pll|vga_pll_inst|altera_pll_i|general[0].gpll~PLL_OUTPUT_COUNTER|divclk'
Slack : -3.529
TNS   : -42.316

Type  : Slow 1100mV 0C Model Removal 'vga_pll|vga_pll_inst|altera_pll_i|general[0].gpll~PLL_OUTPUT_COUNTER|divclk'
Slack : 0.970
TNS   : 0.000

Type  : Slow 1100mV 0C Model Minimum Pulse Width 'vga_pll|vga_pll_inst|altera_pll_i|general[0].gpll~FRACTIONAL_PLL|vcoph[0]'
Slack : 1.538
TNS   : 0.000

Type  : Slow 1100mV 0C Model Minimum Pulse Width 'vga_pll|vga_pll_inst|altera_pll_i|general[0].gpll~PLL_OUTPUT_COUNTER|divclk'
Slack : 6.427
TNS   : 0.000

Type  : Slow 1100mV 0C Model Minimum Pulse Width 'clk'
Slack : 9.330
TNS   : 0.000

Type  : Fast 1100mV 85C Model Setup 'vga_pll|vga_pll_inst|altera_pll_i|general[0].gpll~PLL_OUTPUT_COUNTER|divclk'
Slack : -4.641
TNS   : -9178.649

Type  : Fast 1100mV 85C Model Setup 'clk'
Slack : 18.333
TNS   : 0.000

Type  : Fast 1100mV 85C Model Hold 'vga_pll|vga_pll_inst|altera_pll_i|general[0].gpll~PLL_OUTPUT_COUNTER|divclk'
Slack : -0.433
TNS   : -1.198

Type  : Fast 1100mV 85C Model Hold 'clk'
Slack : 0.181
TNS   : 0.000

Type  : Fast 1100mV 85C Model Recovery 'vga_pll|vga_pll_inst|altera_pll_i|general[0].gpll~PLL_OUTPUT_COUNTER|divclk'
Slack : -2.344
TNS   : -28.112

Type  : Fast 1100mV 85C Model Removal 'vga_pll|vga_pll_inst|altera_pll_i|general[0].gpll~PLL_OUTPUT_COUNTER|divclk'
Slack : 0.960
TNS   : 0.000

Type  : Fast 1100mV 85C Model Minimum Pulse Width 'vga_pll|vga_pll_inst|altera_pll_i|general[0].gpll~FRACTIONAL_PLL|vcoph[0]'
Slack : 1.538
TNS   : 0.000

Type  : Fast 1100mV 85C Model Minimum Pulse Width 'vga_pll|vga_pll_inst|altera_pll_i|general[0].gpll~PLL_OUTPUT_COUNTER|divclk'
Slack : 6.572
TNS   : 0.000

Type  : Fast 1100mV 85C Model Minimum Pulse Width 'clk'
Slack : 9.409
TNS   : 0.000

Type  : Fast 1100mV 0C Model Setup 'vga_pll|vga_pll_inst|altera_pll_i|general[0].gpll~PLL_OUTPUT_COUNTER|divclk'
Slack : -3.676
TNS   : -6639.479

Type  : Fast 1100mV 0C Model Setup 'clk'
Slack : 18.452
TNS   : 0.000

Type  : Fast 1100mV 0C Model Hold 'vga_pll|vga_pll_inst|altera_pll_i|general[0].gpll~PLL_OUTPUT_COUNTER|divclk'
Slack : -0.589
TNS   : -3.092

Type  : Fast 1100mV 0C Model Hold 'clk'
Slack : 0.173
TNS   : 0.000

Type  : Fast 1100mV 0C Model Recovery 'vga_pll|vga_pll_inst|altera_pll_i|general[0].gpll~PLL_OUTPUT_COUNTER|divclk'
Slack : -1.645
TNS   : -19.728

Type  : Fast 1100mV 0C Model Removal 'vga_pll|vga_pll_inst|altera_pll_i|general[0].gpll~PLL_OUTPUT_COUNTER|divclk'
Slack : 0.513
TNS   : 0.000

Type  : Fast 1100mV 0C Model Minimum Pulse Width 'vga_pll|vga_pll_inst|altera_pll_i|general[0].gpll~FRACTIONAL_PLL|vcoph[0]'
Slack : 1.538
TNS   : 0.000

Type  : Fast 1100mV 0C Model Minimum Pulse Width 'vga_pll|vga_pll_inst|altera_pll_i|general[0].gpll~PLL_OUTPUT_COUNTER|divclk'
Slack : 6.572
TNS   : 0.000

Type  : Fast 1100mV 0C Model Minimum Pulse Width 'clk'
Slack : 9.409
TNS   : 0.000

------------------------------------------------------------
